// Vitest Snapshot v1, https://vitest.dev/guide/snapshot.html

exports[`MultipleParameter > should render correctly 1`] = `
"<div data-v-e2d23dd5="" class="duplicate-parameter">
  <div data-v-e2d23dd5="" class="container" data-test-id="input-label">
    <div class="labelRow"><label class="n8n-input-label inputLabel heading underline small">
        <div class="main-content">
          <div class="title"><span class="n8n-text text-dark size-small bold">Additional Fields <!--v-if--></span></div>
          <!--v-if-->
        </div>
        <div class="trailing-content">
          <!--v-if-->
          <!--v-if-->
          <!--v-if-->
        </div>
      </label>
      <!--v-if-->
    </div>
  </div>
  <div data-v-e2d23dd5="" class="add-item-wrapper">
    <div data-v-e2d23dd5="" class="no-items-exist"><span data-v-e2d23dd5="" class="n8n-text size-small regular">Currently no items exist</span></div><button data-v-e2d23dd5="" class="button button tertiary medium block" aria-live="polite">
      <!--v-if--><span>Add item</span>
    </button>
  </div>
</div>"
`;
